does not change document between test runs:
  1: |
    apiVersion: v1
    data:
      ca.crt: |2
        cert
    kind: ConfigMap
    metadata:
      annotations:
        kubernetes.io/description: |
          Contains a CA bundle that can be used to verify the kube-rbac-proxy clients.
      labels:
        heritage: deckhouse
        module: test-module
      name: kube-rbac-proxy-ca.crt
      namespace: d8-ns
